[2025-10-16 22:55:09] ❌ Неверная подпись webhook — запрос отклонён.
[2025-10-16 22:59:22] 📦 Получено событие GitHub: push
[2025-10-16 22:59:22] 🚀 Запуск процесса автоматического развертывания...
[2025-10-16 22:59:22] 📦 Обновление кода из GitHub (git pull)...
[2025-10-16 22:59:24] 📦 Установка зависимостей из requirements.txt...
[2025-10-16 23:00:51] ℹ Скрипт сборки не найден — пропуск шага сборки.
[2025-10-16 23:00:51] 🧪 Запуск unit-тестов (pytest)...
[2025-10-16 23:00:52] ❌ Ошибка при развертывании: Command '['pytest', '/home/quangminh/devops-minh/catty-reminders-app/tests', '-q', '--disable-warnings', '--maxfail=1']' returned non-zero exit status 4.
[2025-10-16 23:16:50] 📦 Получено событие GitHub: push
[2025-10-16 23:16:50] 🚀 Запуск процесса автоматического развертывания...
[2025-10-16 23:16:50] 📦 Обновление кода из GitHub (git pull)...
[2025-10-16 23:16:53] 📦 Установка зависимостей из requirements.txt...
[2025-10-16 23:16:55] ℹ Скрипт сборки не найден — пропуск шага сборки.
[2025-10-16 23:17:58] 📦 Получено событие GitHub: push
[2025-10-16 23:17:58] 🚀 Запуск процесса автоматического развертывания...
[2025-10-16 23:17:58] 📦 Обновление кода из GitHub (git pull)...
[2025-10-16 23:18:00] 📦 Установка зависимостей из requirements.txt...
[2025-10-16 23:18:01] ℹ Скрипт сборки не найден — пропуск шага сборки.
[2025-10-16 23:18:01] ♻ Перезапуск приложения через systemd...
[2025-10-16 23:18:12] ✅ Развертывание успешно завершено!
[2025-10-16 23:51:34] 📦 Получено событие GitHub: push
[2025-10-16 23:51:34] 🚀 Запуск процесса автоматического развертывания...
[2025-10-16 23:51:34] 📦 Обновление кода из GitHub (git pull)...
[2025-10-16 23:51:36] 📦 Установка зависимостей из requirements.txt...
[2025-10-16 23:51:37] ℹ Скрипт сборки не найден — пропуск шага сборки.
[2025-10-16 23:51:37] ♻ Перезапуск приложения через systemd...
[2025-10-16 23:51:41] ✅ Развертывание успешно завершено!
[2025-10-16 23:59:20] 📦 Получено событие GitHub: push
[2025-10-16 23:59:20] 🚀 Запуск процесса автоматического развертывания...
[2025-10-16 23:59:20] 📦 Обновление кода из GitHub (git pull)...
[2025-10-16 23:59:21] 📦 Установка зависимостей из requirements.txt...
[2025-10-16 23:59:23] ℹ Скрипт сборки не найден — пропуск шага сборки.
[2025-10-16 23:59:23] ♻ Перезапуск приложения через systemd...
[2025-10-16 23:59:24] ✅ Развертывание успешно завершено!
